// Jest Snapshot v1, https://goo.gl/fbAQLP

exports[`renders correctly 1`] = `
Array [
  <View
    accessible={true}
    focusable={true}
    onClick={[Function]}
    onResponderGrant={[Function]}
    onResponderMove={[Function]}
    onResponderRelease={[Function]}
    onResponderTerminate={[Function]}
    onResponderTerminationRequest={[Function]}
    onStartShouldSetResponder={[Function]}
    style={
      Object {
        "alignItems": "center",
        "backgroundColor": "transparent",
        "height": "100%",
        "justifyContent": "center",
        "paddingHorizontal": 20,
        "paddingVertical": 5,
      }
    }
  >
    <Image
      resizeMode="contain"
      source={
        Object {
          "testUri": "../../../assets/icons/search.png",
        }
      }
      style={
        Object {
          "height": 20,
          "width": 20,
        }
      }
    />
  </View>,
  <View
    style={
      Object {
        "backgroundColor": "rgba(100, 100, 100, 0.3)",
        "flex": 0,
        "height": 50,
      }
    }
  >
    <TextInput
      allowFontScaling={true}
      autoCorrect={false}
      onSubmitEditing={[Function]}
      placeholder=""
      placeholderTextColor="#fff"
      rejectResponderTermination={true}
      style={
        Object {
          "padding": 0,
          "width": 0,
        }
      }
      underlineColorAndroid="transparent"
    />
  </View>,
]
`;
