// Jest Snapshot v1, https://goo.gl/fbAQLP

exports[`renders correctly 1`] = `
<View
  style={
    Object {
      "alignItems": "center",
      "borderColor": "#fff",
      "borderRightWidth": 0,
      "flex": 1,
      "justifyContent": "center",
      "opacity": 0,
      "transform": Array [
        Object {
          "translateY": 35,
        },
      ],
    }
  }
>
  <Text
    style={
      Object {
        "color": "#fff",
        "fontFamily": "Roboto",
        "fontSize": 18,
      }
    }
  >
    06:00
  </Text>
  <Image
    resizeMode="contain"
    source={
      Object {
        "uri": "http://openweathermap.org/img/wn/03d@2x.png",
      }
    }
    style={
      Object {
        "height": 60,
        "width": 60,
      }
    }
  />
  <Text
    style={
      Object {
        "color": "#fff",
        "fontFamily": "Roboto",
        "fontSize": 18,
      }
    }
  >
    17â„ƒ
  </Text>
</View>
`;
