// Jest Snapshot v1, https://goo.gl/fbAQLP

exports[`renders correctly 1`] = `
<View
  style={
    Object {
      "opacity": 0,
      "transform": Array [
        Object {
          "translateY": 35,
        },
      ],
    }
  }
/>
`;
