// Jest Snapshot v1, https://goo.gl/fbAQLP

exports[`renders correctly 1`] = `
<View
  style={
    Object {
      "backgroundColor": "rgba(30, 30, 30, 0.4)",
      "borderRadius": 50,
      "flex": 3,
      "flexDirection": "column",
      "marginVertical": 10,
    }
  }
>
  <View
    style={
      Object {
        "alignItems": "center",
        "flex": 1,
        "flexDirection": "row",
        "justifyContent": "center",
      }
    }
  >
    <Text
      style={
        Array [
          Object {
            "color": "#fff",
            "fontFamily": "Roboto",
            "fontSize": 35,
          },
          undefined,
        ]
      }
    >
      Poznań
    </Text>
  </View>
  <View
    style={
      Array [
        Object {
          "alignItems": "center",
          "flex": 1,
          "flexDirection": "row",
          "justifyContent": "center",
        },
        Object {
          "flex": 2,
        },
      ]
    }
  >
    <View
      style={
        Array [
          Object {
            "alignItems": "center",
            "flex": 1,
            "flexDirection": "row",
            "height": "100%",
            "justifyContent": "center",
          },
          Object {
            "flex": 2,
          },
        ]
      }
    >
      <Text
        style={
          Array [
            Object {
              "color": "#fff",
              "fontFamily": "Roboto",
              "fontSize": 35,
            },
            Object {
              "fontSize": 95,
            },
          ]
        }
      >
        18℃
      </Text>
    </View>
    <View
      style={
        Object {
          "alignItems": "center",
          "flex": 1,
          "flexDirection": "row",
          "height": "100%",
          "justifyContent": "center",
        }
      }
    >
      <Image
        resizeMode="contain"
        source={
          Object {
            "uri": "http://openweathermap.org/img/wn/10n@2x.png",
          }
        }
        style={
          Object {
            "height": "100%",
            "width": "100%",
          }
        }
      />
    </View>
  </View>
  <View
    style={
      Object {
        "alignItems": "center",
        "flex": 1,
        "flexDirection": "row",
        "justifyContent": "center",
      }
    }
  >
    <Text
      style={
        Array [
          Object {
            "color": "#fff",
            "fontFamily": "Roboto",
            "fontSize": 35,
          },
          undefined,
        ]
      }
    >
      rain
    </Text>
  </View>
  <View
    style={
      Object {
        "alignItems": "center",
        "flex": 1,
        "flexDirection": "row",
        "justifyContent": "center",
      }
    }
  >
    <View
      style={
        Object {
          "alignItems": "center",
          "flex": 1,
          "flexDirection": "row",
          "height": "100%",
          "justifyContent": "center",
        }
      }
    >
      <Image
        resizeMode="contain"
        source={
          Object {
            "testUri": "../../../assets/icons/humidity.png",
          }
        }
        style={
          Object {
            "height": "60%",
            "marginRight": 10,
          }
        }
      />
      <Text
        style={
          Array [
            Object {
              "color": "#fff",
              "fontFamily": "Roboto",
              "fontSize": 35,
            },
            undefined,
          ]
        }
      >
        81%
      </Text>
    </View>
    <View
      style={
        Object {
          "alignItems": "center",
          "flex": 1,
          "flexDirection": "row",
          "height": "100%",
          "justifyContent": "center",
        }
      }
    >
      <Image
        resizeMode="contain"
        source={
          Object {
            "testUri": "../../../assets/icons/wind.png",
          }
        }
        style={
          Object {
            "height": "60%",
            "marginRight": 10,
          }
        }
      />
      <Text
        style={
          Array [
            Object {
              "color": "#fff",
              "fontFamily": "Roboto",
              "fontSize": 35,
            },
            undefined,
          ]
        }
      >
        0.38m/s
      </Text>
    </View>
  </View>
</View>
`;
